g++ : Evault.cpp:31:0: 
warning: "COLOR_MENU" 
redefined
At line:1 char:1
+ g++ -std=c++11 -o 
Evault.exe Evault.cpp 
Account.cpp 
Transaction.cpp D ...
+ ~~~~~~~~~~~~~~~~~~~~~~
~~~~~~~~~~~~~~~~~~~~~~~~
~~~~~~~~~~~~~~~~~~~~~~~
    + CategoryInfo      
        : NotSpecified  
  : (Evault.cpp:31:0.   
 ..MENU" redefined:S    
tring) [], RemoteEx    
ception
    + FullyQualifiedErr 
   orId : NativeComman  
  dError
 
 #define COLOR_MENU 9
 
In file included from c:
\mingw\include\windows.h
:48:0,
                 from 
Evault.cpp:22:
c:\mingw\include\winuser
.h:864:0: note: this is 
the location of the 
previous definition
 #define COLOR_MENU     
    4
 
BankingSystem.cpp: In 
member function 'std::ve
ctor<Transaction> Bankin
gSystem::getTransactionH
istory() const':
BankingSystem.cpp:153:66
: error: passing 'const 
Database' as 'this' 
argument discards 
qualifiers 
[-fpermissive]
   return db.getTransact
ionHistory(currentUser->
getAccountNumber());
                        
                        
                  ^
In file included from 
BankingSystem.h:5:0,
                 from 
BankingSystem.cpp:1:
Database.h:38:3: note:  
 in call to 'std::vector
<Transaction> Database::
getTransactionHistory(co
nst string&)'
   getTransactionHistory
(const std::string 
&accountNumber);
   ^~~~~~~~~~~~~~~~~~~~~
BankingSystem.cpp: In 
member function 'bool Ba
nkingSystem::accountExis
ts(const string&) 
const':
BankingSystem.cpp:169:40
: error: passing 'const 
Database' as 'this' 
argument discards 
qualifiers 
[-fpermissive]
   return db.accountExis
ts(accountNumber);
                        
                ^
In file included from 
BankingSystem.h:5:0,
                 from 
BankingSystem.cpp:1:
Database.h:31:8: note:  
 in call to 'bool Databa
se::accountExists(const 
string&)'
   bool 
accountExists(const 
std::string 
&accountNumber);
        ^~~~~~~~~~~~~
